data/history/13992870026.csv
time,date,itemid,price,discount,price_before_discount,stock,sold,item_status,cmt_count,liked_count
1658503185,20220722,13992870026,7248000,52%,15100000,20846,12,normal,4,438
1658507425,20220722,13992870026,7248000,52%,15100000,20846,12,normal,4,441
1658509600,20220722,13992870026,7248000,52%,15100000,20844,10,normal,4,441
1658521203,20220722,13992870026,7248000,52%,15100000,20844,10,normal,4,442
1658528410,20220722,13992870026,7248000,52%,15100000,20844,10,normal,4,443
1658541041,20220723,13992870026,7248000,52%,15100000,20844,10,normal,4,443
1658547371,20220723,13992870026,7248000,52%,15100000,20843,10,normal,4,444
1658571579,20220723,13992870026,7248000,52%,15100000,20843,10,normal,4,445
1658579535,20220723,13992870026,7248000,52%,15100000,20843,10,normal,4,446
1658589517,20220723,13992870026,7248000,52%,15100000,20843,10,normal,4,447
1658596769,20220723,13992870026,7248000,52%,15100000,20843,10,normal,4,448
1658610965,20220723,13992870026,7248000,52%,15100000,20843,10,normal,4,449
1658627920,20220724,13992870026,7248000,52%,15100000,20843,10,normal,4,451
1658640011,20220724,13992870026,7248000,52%,15100000,20843,10,normal,4,452
1658654268,20220724,13992870026,7248000,52%,15100000,20843,10,normal,4,453
1658655684,20220724,13992870026,7248000,52%,15100000,20843,10,normal,4,454
1658670483,20220724,13992870026,7248000,52%,15100000,20843,10,normal,4,456
1658672176,20220724,13992870026,7248000,52%,15100000,20843,10,normal,4,457
1658673552,20220724,13992870026,7248000,52%,15100000,20843,10,normal,4,458
1658675922,20220724,13992870026,7248000,52%,15100000,20843,10,normal,4,459
1658684524,20220724,13992870026,7248000,52%,15100000,20843,10,normal,4,458
1658698780,20220724,13992870026,7248000,52%,15100000,20843,10,normal,4,457
1658701052,20220724,13992870026,7248000,52%,15100000,20843,10,normal,4,456
1658713882,20220725,13992870026,7248000,52%,15100000,20843,10,normal,4,457
1658720921,20220725,13992870026,7228000,52%,15100000,20843,10,normal,4,457
1658724631,20220725,13992870026,7228000,52%,15100000,20842,10,normal,4,459
1658742154,20220725,13992870026,7228000,52%,15100000,20842,10,normal,4,460
1658749150,20220725,13992870026,7228000,52%,15100000,20842,10,normal,4,461
1658762415,20220725,13992870026,7228000,52%,15100000,20842,10,normal,4,462
1658763922,20220725,13992870026,7228000,52%,15100000,20842,10,normal,4,463
1658776482,20220725,13992870026,7228000,52%,15100000,20842,10,normal,4,464
1658777978,20220725,13992870026,7228000,52%,15100000,20841,10,normal,4,464
1658800829,20220726,13992870026,7228000,52%,15100000,20841,10,normal,4,467
1658808632,20220726,13992870026,7219000,52%,15100000,20841,10,normal,4,467
1658830954,20220726,13992870026,7219000,52%,15100000,20841,10,normal,5,467
1658842822,20220726,13992870026,7219000,52%,15100000,20841,10,normal,5,468
1658854626,20220726,13992870026,7219000,52%,15100000,20841,11,normal,5,468
1658856308,20220726,13992870026,7219000,52%,15100000,20841,11,normal,5,469
1658887048,20220727,13992870026,7219000,52%,15100000,20838,11,normal,5,473
1658893956,20220727,13992870026,7219000,52%,15100000,20838,11,normal,5,472
1658903046,20220727,13992870026,7219000,52%,15100000,20838,11,normal,5,471
1658906280,20220727,13992870026,7219000,52%,15100000,20538,11,normal,5,471
1658917336,20220727,13992870026,7219000,52%,15100000,20538,11,normal,5,473
1658920542,20220727,13992870026,7219000,52%,15100000,20538,11,normal,5,474
1658929511,20220727,13992870026,7219000,52%,15100000,20538,11,normal,5,475
1658932804,20220727,13992870026,7219000,52%,15100000,20538,11,normal,5,476
1658936638,20220727,13992870026,7219000,52%,15100000,20538,11,normal,5,477
1658939320,20220727,13992870026,7219000,52%,15100000,20538,11,normal,5,479
1658963880,20220727,13992870026,7219000,52%,15100000,20538,11,normal,5,480
1658965194,20220727,13992870026,7219000,52%,15100000,20538,11,normal,5,482
1658972995,20220728,13992870026,7219000,52%,15100000,20538,11,normal,5,482
1658979938,20220728,13992870026,7209000,52%,15100000,300,11,normal,5,482
1658999903,20220728,13992870026,7219000,52%,15100000,20838,11,normal,5,482
1659012111,20220728,13992870026,7219000,52%,15100000,20838,11,normal,5,483
1659018017,20220728,13992870026,7219000,52%,15100000,20835,11,normal,5,483
1659021535,20220728,13992870026,7219000,52%,15100000,20835,11,normal,5,485
1659025825,20220728,13992870026,7219000,52%,15100000,20835,11,normal,5,484
1659028003,20220728,13992870026,7219000,52%,15100000,20835,11,normal,5,485
1659040906,20220728,13992870026,7219000,52%,15100000,20835,11,normal,5,484
1659050415,20220728,13992870026,7219000,52%,15100000,20835,11,normal,5,486
1659059954,20220729,13992870026,7219000,52%,15100000,20835,11,normal,5,486
1659066868,20220729,13992870026,7219000,52%,15100000,20835,11,normal,5,489
1659108183,20220729,13992870026,7219000,52%,15100000,20835,11,normal,5,490
1659112069,20220729,13992870026,7219000,52%,15100000,20835,11,normal,5,489
1659113951,20220729,13992870026,7219000,52%,15100000,20835,13,normal,5,490
1659115644,20220729,13992870026,7219000,52%,15100000,20835,13,normal,5,491
1659133081,20220729,13992870026,7219000,52%,15100000,20835,13,normal,5,492
1659145801,20220730,13992870026,7219000,52%,15100000,20834,13,normal,5,492
1659176325,20220730,13992870026,7219000,52%,15100000,20833,13,normal,5,492
1659199992,20220730,13992870026,7219000,52%,15100000,20833,12,normal,5,492
1659212263,20220730,13992870026,7219000,52%,15100000,20833,12,normal,5,493
1659217103,20220730,13992870026,7219000,52%,15100000,20833,12,normal,5,495
1659220757,20220730,13992870026,7219000,52%,15100000,20833,12,normal,5,496
1659232973,20220731,13992870026,7219000,52%,15100000,20833,12,normal,5,496
1659256975,20220731,13992870026,7219000,52%,15100000,20833,12,normal,5,497
1659284620,20220731,13992870026,7219000,52%,15100000,20833,12,normal,5,498
1659286377,20220731,13992870026,7219000,52%,15100000,20833,12,normal,5,499
1659289175,20220731,13992870026,7219000,52%,15100000,20833,12,normal,5,498
1659293064,20220731,13992870026,7219000,52%,15100000,20832,12,normal,5,498
1659307181,20220731,13992870026,7219000,52%,15100000,20832,12,normal,5,497
1659319298,20220801,13992870026,7219000,52%,15100000,20832,12,normal,5,498
1659327407,20220801,13992870026,7219000,52%,15100000,20833,12,normal,5,498
1659335749,20220801,13992870026,7219000,52%,15100000,20818,12,normal,5,499
1659352580,20220801,13992870026,7219000,52%,15100000,20818,12,normal,5,500
1659357440,20220801,13992870026,7219000,52%,15100000,20818,12,normal,5,501
1659363501,20220801,13992870026,7219000,52%,15100000,20818,12,normal,5,502
1659368836,20220801,13992870026,7219000,52%,15100000,20818,12,normal,5,503
1659373398,20220801,13992870026,7219000,52%,15100000,20818,11,normal,5,503
1659392399,20220801,13992870026,7219000,52%,15100000,20818,11,normal,5,504
1659393736,20220801,13992870026,7219000,52%,15100000,20818,11,normal,5,505
1659405958,20220802,13992870026,7219000,52%,15100000,20818,11,normal,5,506
1659413732,20220802,13992870026,7219000,52%,15100000,20817,11,normal,5,505
1659421383,20220802,13992870026,7219000,52%,15100000,20811,11,normal,5,505
1659455011,20220802,13992870026,7219000,52%,15100000,20811,11,normal,5,506
1659457593,20220802,13992870026,7219000,52%,15100000,20811,11,normal,5,507
1659464569,20220802,13992870026,7219000,52%,15100000,20810,11,normal,5,507
1659471632,20220802,13992870026,7219000,52%,15100000,20810,11,normal,6,508
1659480206,20220802,13992870026,7219000,52%,15100000,20810,11,normal,6,509
1659491542,20220803,13992870026,7209000,52%,15100000,20810,11,normal,6,510
1659498907,20220803,13992870026,7209000,52%,15100000,20810,11,normal,6,511
1659536194,20220803,13992870026,7209000,52%,15100000,20809,11,normal,6,511
1659540094,20220803,13992870026,7209000,52%,15100000,20809,11,normal,6,513
1659541631,20220803,13992870026,7209000,52%,15100000,20809,11,normal,6,515
1659543990,20220803,13992870026,7209000,52%,15100000,20809,11,normal,6,516
1659545834,20220803,13992870026,7209000,52%,15100000,20809,12,normal,6,517
1659548491,20220803,13992870026,7209000,52%,15100000,20809,12,normal,6,518
1659557980,20220803,13992870026,7209000,52%,15100000,20809,12,normal,6,519
1659561419,20220803,13992870026,7209000,52%,15100000,20809,12,normal,6,518
1659577694,20220804,13992870026,7209000,52%,15100000,20809,12,normal,6,518
1659583649,20220804,13992870026,7209000,52%,15100000,20809,12,normal,6,519
1659586996,20220804,13992870026,7190000,52%,15100000,20809,12,normal,6,519
1659594376,20220804,13992870026,7190000,52%,15100000,20818,12,normal,6,519
1659620280,20220804,13992870026,7190000,52%,15100000,20818,12,normal,6,520
1659637367,20220804,13992870026,7190000,52%,15100000,20818,12,normal,6,521
1659647798,20220804,13992870026,7190000,52%,15100000,20818,12,normal,6,522
1659664228,20220805,13992870026,7190000,52%,15100000,20817,12,normal,6,523
1659703034,20220805,13992870026,7190000,52%,15100000,20817,12,normal,6,525
1659706899,20220805,13992870026,7190000,52%,15100000,20817,12,normal,6,526
1659709089,20220805,13992870026,7190000,52%,15100000,20817,12,normal,6,527
1659716859,20220805,13992870026,7190000,52%,15100000,20817,12,normal,6,528
1659723793,20220805,13992870026,7190000,52%,15100000,20817,12,normal,7,528
1659726943,20220805,13992870026,7190000,52%,15100000,20817,12,normal,7,529
1659741486,20220805,13992870026,7190000,52%,15100000,20817,12,normal,7,530
1659750148,20220806,13992870026,7190000,52%,15100000,20817,12,normal,8,531
1659755993,20220806,13992870026,7190000,52%,15100000,20817,12,normal,8,533
1659803044,20220806,13992870026,7190000,52%,15100000,20817,13,normal,8,533
1659804787,20220806,13992870026,7190000,52%,15100000,20817,13,normal,8,534
1659807556,20220806,13992870026,7190000,52%,15100000,20817,13,normal,8,535
1659814659,20220806,13992870026,7190000,52%,15100000,20817,13,normal,8,536
1659817088,20220806,13992870026,7190000,52%,15100000,20817,13,normal,8,537
1659825587,20220806,13992870026,7190000,52%,15100000,20817,13,normal,8,539
1659827885,20220806,13992870026,7190000,52%,15100000,20817,13,normal,8,540
1659829214,20220806,13992870026,7190000,52%,15100000,20817,13,normal,8,539
1659837194,20220807,13992870026,7190000,52%,15100000,20817,13,normal,8,539
1659847830,20220807,13992870026,7190000,52%,15100000,20817,13,normal,9,539
1659881744,20220807,13992870026,7190000,52%,15100000,20817,13,normal,9,540
1659889411,20220807,13992870026,7190000,52%,15100000,20817,13,normal,9,541
1659891177,20220807,13992870026,7190000,52%,15100000,20817,12,normal,9,541
1659892648,20220807,13992870026,7190000,52%,15100000,20817,12,normal,9,542
1659896504,20220807,13992870026,7190000,52%,15100000,20817,12,normal,9,543
1659897906,20220807,13992870026,7190000,52%,15100000,20817,12,normal,9,544
1659899679,20220807,13992870026,7190000,52%,15100000,20817,12,normal,9,546
1659903540,20220807,13992870026,7190000,52%,15100000,20817,12,normal,9,547
1659912007,20220807,13992870026,7190000,52%,15100000,20817,12,normal,9,548
1659914253,20220807,13992870026,7190000,52%,15100000,20817,12,normal,9,549
1659923174,20220808,13992870026,7190000,52%,15100000,20817,12,normal,9,550
1659933361,20220808,13992870026,7190000,52%,15100000,20817,12,normal,9,551
1659936132,20220808,13992870026,7190000,52%,15100000,20817,12,normal,9,552
1659954063,20220808,13992870026,7190000,52%,15100000,20817,12,normal,9,553
1659957316,20220808,13992870026,7190000,52%,15100000,20817,12,normal,9,554
1659966113,20220808,13992870026,7190000,52%,15100000,20817,12,normal,9,553
1659969613,20220808,13992870026,7190000,52%,15100000,20817,12,normal,9,554
1659972081,20220808,13992870026,7190000,52%,15100000,20817,12,normal,9,556
1659976047,20220808,13992870026,7190000,52%,15100000,20817,13,normal,9,556
1659977985,20220808,13992870026,7190000,52%,15100000,20816,13,normal,9,556
1659983026,20220808,13992870026,7190000,52%,15100000,20816,13,normal,9,557
1659986132,20220808,13992870026,7190000,52%,15100000,20816,13,normal,9,558
1659989998,20220808,13992870026,7190000,52%,15100000,20814,13,normal,9,559
1660002091,20220808,13992870026,7190000,52%,15100000,20814,13,normal,9,560
1660010210,20220809,13992870026,7190000,52%,15100000,20736,13,normal,9,561
1660062348,20220809,13992870026,7190000,52%,15100000,20736,13,normal,9,562
1660064238,20220809,13992870026,7190000,52%,15100000,20736,13,normal,9,563
1660069326,20220809,13992870026,7190000,52%,15100000,20736,13,normal,9,564
1660079776,20220809,13992870026,7190000,52%,15100000,20736,13,normal,9,565
1660081228,20220809,13992870026,7190000,52%,15100000,20735,13,normal,9,565
1660083486,20220809,13992870026,7190000,52%,15100000,20735,13,normal,9,566
1660095617,20220810,13992870026,7190000,52%,15100000,20735,13,normal,9,566
1660103539,20220810,13992870026,7190000,52%,15100000,20735,13,normal,9,567
1660141000,20220810,13992870026,7190000,52%,15100000,20735,13,normal,9,568
1660142379,20220810,13992870026,7190000,52%,15100000,20733,13,normal,9,568
1660155735,20220810,13992870026,7190000,52%,15100000,20733,13,normal,9,567
1660158910,20220810,13992870026,7190000,52%,15100000,20732,13,normal,9,567
1660162744,20220810,13992870026,7190000,52%,15100000,20732,13,normal,9,568
1660169879,20220810,13992870026,7190000,52%,15100000,20733,13,normal,9,569
1660182191,20220811,13992870026,7190000,52%,15100000,20703,13,normal,9,568
1660187951,20220811,13992870026,7160000,53%,15100000,20703,13,normal,9,568
1660198992,20220811,13992870026,7160000,53%,15100000,20403,13,normal,9,568
1660225197,20220811,13992870026,7160000,53%,15100000,20403,13,normal,9,569
1660231178,20220811,13992870026,7150000,53%,15100000,300,13,normal,9,569
1660235126,20220811,13992870026,7150000,53%,15100000,300,14,normal,9,569
1660238513,20220811,13992870026,7160000,53%,15100000,20703,14,normal,9,569
1660249129,20220811,13992870026,7160000,53%,15100000,20703,14,normal,9,570
1660257640,20220811,13992870026,7160000,53%,15100000,20703,14,normal,9,571
1660268824,20220812,13992870026,7160000,53%,15100000,20703,14,normal,9,571
1660285431,20220812,13992870026,7160000,53%,15100000,20628,14,normal,9,571
1660323902,20220812,13992870026,7160000,53%,15100000,20628,14,normal,9,572
1660342752,20220812,13992870026,7160000,53%,15100000,20627,14,normal,9,572
1660354832,20220813,13992870026,7160000,53%,15100000,20627,14,normal,9,572
1660360804,20220813,13992870026,7160000,53%,15100000,20627,14,normal,9,575
1660397257,20220813,13992870026,7160000,53%,15100000,20627,14,normal,9,576
1660400186,20220813,13992870026,7160000,53%,15100000,20627,14,normal,9,577
1660403905,20220813,13992870026,7160000,53%,15100000,20627,14,normal,9,578
1660429058,20220813,13992870026,7160000,53%,15100000,20627,14,normal,9,579
1660442079,20220814,13992870026,7160000,53%,15100000,20627,14,normal,9,581
1660451370,20220814,13992870026,7160000,53%,15100000,20627,14,normal,9,582
1660505837,20220814,13992870026,7160000,53%,15100000,20627,14,normal,9,583
1660508295,20220814,13992870026,7160000,53%,15100000,20627,14,normal,9,582
1660509625,20220814,13992870026,7160000,53%,15100000,20627,14,normal,9,583
1660516831,20220814,13992870026,7160000,53%,15100000,20627,14,normal,9,582
1660528633,20220815,13992870026,7160000,53%,15100000,20626,14,normal,9,584
1660551782,20220815,13992870026,7160000,53%,15100000,2997,14,normal,9,584
1660560236,20220815,13992870026,7160000,53%,15100000,2997,14,normal,9,585
1660585502,20220815,13992870026,7160000,53%,15100000,2997,14,normal,9,586
1660592253,20220815,13992870026,7160000,53%,15100000,2997,14,normal,9,588
1660594753,20220815,13992870026,7160000,53%,15100000,2999,14,normal,9,589
1660596084,20220815,13992870026,7160000,53%,15100000,2999,14,normal,9,591
1660599637,20220815,13992870026,7160000,53%,15100000,2999,14,normal,9,592
1660615053,20220816,13992870026,7160000,53%,15100000,2999,14,normal,10,592
1660621770,20220816,13992870026,7160000,53%,15100000,2930,14,normal,10,592
1660656656,20220816,13992870026,7160000,53%,15100000,2930,14,normal,10,591
1660660720,20220816,13992870026,7160000,53%,15100000,2930,14,normal,10,592
1660678645,20220816,13992870026,7160000,53%,15100000,2930,16,normal,10,592
1660691824,20220816,13992870026,7160000,53%,15100000,2930,16,normal,11,593
1660693177,20220816,13992870026,7160000,53%,15100000,2930,16,normal,11,594
1660701881,20220817,13992870026,7160000,53%,15100000,2479,16,normal,11,597
1660709233,20220817,13992870026,7150000,53%,15100000,300,16,normal,11,599
1660714134,20220817,13992870026,15100000,,0,2779,16,normal,11,600
1660715699,20220817,13992870026,9000000,,0,6775,16,normal,11,600
1660717626,20220817,13992870026,4500000,53%,9000000,6775,16,normal,11,600
1660732994,20220817,13992870026,4500000,53%,9000000,6775,16,normal,11,601
1660746161,20220817,13992870026,4500000,53%,9000000,6775,16,normal,12,601
1660751131,20220817,13992870026,4500000,53%,9000000,6775,16,normal,12,602
1660758341,20220817,13992870026,4500000,53%,9000000,6775,16,normal,13,602
1660763689,20220817,13992870026,4500000,53%,9000000,6775,22,normal,13,602
1660772506,20220817,13992870026,4500000,53%,9000000,6775,22,normal,14,602
1660774677,20220817,13992870026,4500000,53%,9000000,6775,22,normal,14,603
1660788092,20220818,13992870026,4500000,53%,9000000,6775,22,normal,14,604
1660795832,20220818,13992870026,4500000,53%,9000000,6152,22,normal,14,604
1660815702,20220818,13992870026,4500000,53%,9000000,6152,22,normal,14,605
1660830140,20220818,13992870026,4500000,53%,9000000,6152,22,normal,14,606
1660836880,20220818,13992870026,4500000,53%,9000000,6152,22,normal,14,607
1660850131,20220818,13992870026,4500000,53%,9000000,6152,18,normal,14,607
1660854091,20220818,13992870026,4500000,53%,9000000,6152,18,normal,14,609
1660858809,20220818,13992870026,4500000,53%,9000000,6152,23,normal,14,609
1660874156,20220819,13992870026,4500000,53%,9000000,6152,23,normal,14,609
1660904598,20220819,13992870026,4500000,53%,9000000,6152,23,normal,14,610
1660909113,20220819,13992870026,4500000,53%,9000000,6151,23,normal,14,610
1660916404,20220819,13992870026,4500000,53%,9000000,6151,23,normal,14,611
1660920017,20220819,13992870026,4500000,53%,9000000,6151,23,normal,14,612
