data/history/13992870026.csv
time,date,itemid,price,discount,price_before_discount,stock,sold,item_status,cmt_count,liked_count
1674736732,20230126,13992870026,9000000,,0,26397,0,normal,29,805
1674739781,20230126,13992870026,9000000,,0,26397,0,normal,29,805
1674740590,20230126,13992870026,9000000,,0,26397,0,normal,29,805
1674742650,20230126,13992870026,9000000,,0,26397,0,normal,29,805
1674743891,20230126,13992870026,9000000,,0,26397,0,normal,29,805
1674746368,20230126,13992870026,9000000,,0,26397,0,normal,29,805
1674747527,20230126,13992870026,9000000,,0,26397,0,normal,29,805
1674750343,20230126,13992870026,9000000,,0,26397,0,normal,29,805
1674751535,20230126,13992870026,9000000,,0,26397,0,normal,29,805
1674753438,20230126,13992870026,9000000,,0,26397,0,normal,29,805
1674754686,20230126,13992870026,9000000,,0,26397,0,normal,29,805
1674757403,20230126,13992870026,9000000,,0,26397,0,normal,29,805
1674758477,20230126,13992870026,9000000,,0,26397,0,normal,29,805
1674760510,20230126,13992870026,9000000,,0,26397,0,normal,29,805
1674761898,20230126,13992870026,9000000,,0,26397,0,normal,29,805
1674764350,20230126,13992870026,9000000,,0,26397,0,normal,29,805
1674765512,20230126,13992870026,9000000,,0,26397,0,normal,29,805
1674767790,20230126,13992870026,9000000,,0,26397,0,normal,29,805
1674769086,20230126,13992870026,9000000,,0,26397,0,normal,29,805
1674771499,20230126,13992870026,9000000,,0,26397,0,normal,29,805
1674772688,20230126,13992870026,9000000,,0,26397,0,normal,29,805
1674775196,20230126,13992870026,9000000,,0,26397,0,normal,29,805
1674776289,20230126,13992870026,9000000,,0,26397,0,normal,29,805
1674783726,20230127,13992870026,9000000,,0,26397,0,normal,29,805
1674787569,20230127,13992870026,9000000,,0,26397,0,normal,29,805
1674789621,20230127,13992870026,9000000,,0,26397,0,normal,29,805
1674790715,20230127,13992870026,9000000,,0,26397,0,normal,29,805
1674793386,20230127,13992870026,9000000,,0,26397,0,normal,29,806
1674794474,20230127,13992870026,9000000,,0,26397,0,normal,29,806
1674796637,20230127,13992870026,9000000,,0,26397,0,normal,29,806
1674797887,20230127,13992870026,9000000,,0,26397,0,normal,29,806
1674800647,20230127,13992870026,9000000,,0,26397,0,normal,29,806
1674801694,20230127,13992870026,9000000,,0,26397,0,normal,29,806
1674803821,20230127,13992870026,9000000,,0,26397,0,normal,29,806
1674805085,20230127,13992870026,9000000,,0,26397,0,normal,29,806
1674807838,20230127,13992870026,9000000,,0,26397,0,normal,29,806
1674808860,20230127,13992870026,9000000,,0,26397,0,normal,29,806
1674811105,20230127,13992870026,9000000,,0,26397,0,normal,29,806
1674812290,20230127,13992870026,9000000,,0,26397,0,normal,29,806
1674814859,20230127,13992870026,9000000,,0,26397,0,normal,29,806
1674815974,20230127,13992870026,9000000,,0,26397,0,normal,29,806
1674818174,20230127,13992870026,9000000,,0,26397,0,normal,29,806
1674819481,20230127,13992870026,9000000,,0,26397,0,normal,29,806
1674822947,20230127,13992870026,9000000,,0,26397,0,normal,29,806
1674825839,20230127,13992870026,9000000,,0,26397,0,normal,29,806
1674826712,20230127,13992870026,9000000,,0,26397,0,normal,29,806
1674829045,20230127,13992870026,9000000,,0,26397,0,normal,29,806
1674830288,20230127,13992870026,9000000,,0,26397,0,normal,29,806
1674832812,20230127,13992870026,9000000,,0,26397,0,normal,29,806
1674833941,20230127,13992870026,9000000,,0,26397,0,normal,29,806
1674836772,20230127,13992870026,9000000,,0,26397,0,normal,29,806
1674837988,20230127,13992870026,9000000,,0,26397,0,normal,29,806
1674839847,20230127,13992870026,9000000,,0,26397,0,normal,29,806
1674841087,20230127,13992870026,9000000,,0,26397,0,normal,29,806
1674843768,20230127,13992870026,9000000,,0,26397,0,normal,29,806
1674844824,20230127,13992870026,9000000,,0,26397,0,normal,29,806
1674846899,20230127,13992870026,9000000,,0,26397,0,normal,29,806
1674848295,20230127,13992870026,9000000,,0,26397,0,normal,29,806
1674850776,20230127,13992870026,9000000,,0,26397,0,normal,29,806
1674851904,20230127,13992870026,9000000,,0,26397,0,normal,29,806
1674854183,20230127,13992870026,9000000,,0,26397,0,normal,29,806
1674855488,20230127,13992870026,9000000,,0,26397,0,normal,29,806
1674857888,20230127,13992870026,9000000,,0,26397,0,normal,29,806
1674859086,20230127,13992870026,9000000,,0,26397,0,normal,29,806
1674861512,20230127,13992870026,9000000,,0,26397,0,normal,29,806
1674862703,20230127,13992870026,9000000,,0,26397,0,normal,29,806
1674870079,20230128,13992870026,9000000,,0,26397,0,normal,29,806
1674873841,20230128,13992870026,9000000,,0,26397,0,normal,29,806
1674876016,20230128,13992870026,9000000,,0,26397,0,normal,29,806
1674877107,20230128,13992870026,9000000,,0,26397,0,normal,29,806
1674879770,20230128,13992870026,9000000,,0,26397,0,normal,29,806
1674880852,20230128,13992870026,9000000,,0,26397,0,normal,29,806
1674883021,20230128,13992870026,9000000,,0,26397,0,normal,29,806
1674884287,20230128,13992870026,9000000,,0,26397,0,normal,29,806
1674886951,20230128,13992870026,9000000,,0,26397,0,normal,29,806
1674888034,20230128,13992870026,9000000,,0,26397,0,normal,29,806
1674890172,20230128,13992870026,9000000,,0,26397,0,normal,29,806
1674891474,20230128,13992870026,9000000,,0,26397,0,normal,29,806
1674894184,20230128,13992870026,9000000,,0,26397,0,normal,29,806
1674895222,20230128,13992870026,9000000,,0,26397,0,normal,29,806
1674897456,20230128,13992870026,9000000,,0,26397,0,normal,29,806
1674898695,20230128,13992870026,9000000,,0,26397,0,normal,29,806
1674901151,20230128,13992870026,9000000,,0,26397,0,normal,29,806
1674902282,20230128,13992870026,9000000,,0,26397,0,normal,29,806
1674904472,20230128,13992870026,9000000,,0,26397,0,normal,29,806
1674905885,20230128,13992870026,9000000,,0,26397,0,normal,29,806
1674909211,20230128,13992870026,9000000,,0,26397,0,normal,29,806
1674912127,20230128,13992870026,9000000,,0,26397,0,normal,29,806
1674913086,20230128,13992870026,9000000,,0,26397,0,normal,29,806
1674915356,20230128,13992870026,9000000,,0,26397,0,normal,29,806
1674916681,20230128,13992870026,9000000,,0,26397,0,normal,29,806
1674919098,20230128,13992870026,9000000,,0,26397,0,normal,29,806
1674920280,20230128,13992870026,9000000,,0,26397,0,normal,29,806
1674923065,20230128,13992870026,9000000,,0,26397,0,normal,29,806
1674924225,20230128,13992870026,9000000,,0,26397,0,normal,29,806
1674926168,20230128,13992870026,9000000,,0,26397,0,normal,29,806
1674927483,20230128,13992870026,9000000,,0,26397,0,normal,29,806
1674930105,20230128,13992870026,9000000,,0,26397,0,normal,29,806
1674931153,20230128,13992870026,9000000,,0,26397,0,normal,29,806
1674933242,20230128,13992870026,9000000,,0,26397,0,normal,29,806
1674934688,20230128,13992870026,9000000,,0,26397,0,normal,29,806
1674937108,20230128,13992870026,9000000,,0,26397,0,normal,29,806
1674938297,20230128,13992870026,9000000,,0,26397,0,normal,29,806
1674940531,20230128,13992870026,9000000,,0,26397,0,normal,29,806
1674941881,20230128,13992870026,9000000,,0,26397,0,normal,29,806
1674944217,20230128,13992870026,9000000,,0,26397,0,normal,29,806
1674945483,20230128,13992870026,9000000,,0,26397,0,normal,29,806
1674947885,20230128,13992870026,9000000,,0,26397,0,normal,29,806
1674949092,20230128,13992870026,9000000,,0,26397,0,normal,29,806
1674956726,20230129,13992870026,9000000,,0,26397,0,normal,29,806
1674960507,20230129,13992870026,9000000,,0,26397,0,normal,29,806
1674962454,20230129,13992870026,9000000,,0,26397,0,normal,29,806
1674963502,20230129,13992870026,4050000,55%,9000000,26397,0,normal,29,806
1674998480,20230129,13992870026,4050000,55%,9000000,26432,0,normal,29,806
1675042560,20230130,13992870026,4050000,55%,9000000,26432,0,normal,29,806
1675055887,20230130,13992870026,4050000,55%,9000000,26432,0,normal,29,805
1675067101,20230130,13992870026,4050000,55%,9000000,26397,0,normal,29,805
1675129467,20230131,13992870026,4050000,55%,9000000,26397,0,normal,29,805
1675216384,20230201,13992870026,4050000,55%,9000000,26397,0,normal,29,805
1675302193,20230202,13992870026,4050000,55%,9000000,26397,0,normal,29,805
1675388684,20230203,13992870026,4050000,55%,9000000,26397,0,normal,29,805
1675392659,20230203,13992870026,4050000,55%,9000000,27797,0,normal,29,805
1675474754,20230204,13992870026,4050000,55%,9000000,27797,0,normal,29,805
1675561670,20230205,13992870026,4050000,55%,9000000,27797,0,normal,29,805
1675647509,20230206,13992870026,4050000,55%,9000000,27797,0,normal,29,805
1675671901,20230206,13992870026,4050000,55%,9000000,27762,0,normal,29,805
1675733961,20230207,13992870026,4050000,55%,9000000,27762,0,normal,29,805
1675751049,20230207,13992870026,4050000,55%,9000000,27727,0,normal,29,805
1675820642,20230208,13992870026,4050000,55%,9000000,27727,0,normal,29,805
1675906950,20230209,13992870026,4050000,55%,9000000,27727,0,normal,29,805
1675993690,20230210,13992870026,4050000,55%,9000000,27727,0,normal,29,805
1676010374,20230210,13992870026,4050000,55%,9000000,27657,0,normal,29,805
1676079402,20230211,13992870026,4050000,55%,9000000,27657,0,normal,29,805
1676166348,20230212,13992870026,4050000,55%,9000000,27657,0,normal,29,805
1676227220,20230212,13992870026,4050000,55%,9000000,27657,0,normal,29,806
1676252766,20230213,13992870026,4050000,55%,9000000,27587,0,normal,29,806
1676339182,20230214,13992870026,4050000,55%,9000000,28987,0,normal,29,806
1676425577,20230215,13992870026,4050000,55%,9000000,28987,0,normal,29,806
1676443366,20230215,13992870026,4050000,55%,9000000,28917,0,normal,29,806
1676511936,20230216,13992870026,4050000,55%,9000000,28917,0,normal,29,806
1676517803,20230216,13992870026,3600000,60%,9000000,28847,0,normal,29,806
1676598523,20230217,13992870026,3600000,60%,9000000,28847,0,normal,29,806
1676602443,20230217,13992870026,3600000,60%,9000000,30247,0,normal,29,806
1676684554,20230218,13992870026,3600000,60%,9000000,30247,0,normal,29,806
1676762333,20230218,13992870026,3600000,60%,9000000,30247,0,normal,29,805
1676771168,20230219,13992870026,3600000,60%,9000000,30247,0,normal,29,805
1676792279,20230219,13992870026,3600000,60%,9000000,31647,0,normal,29,805
1676857611,20230220,13992870026,3600000,60%,9000000,31647,0,normal,29,805
1676918521,20230220,13992870026,3600000,60%,9000000,31647,0,normal,29,804
1676944035,20230221,13992870026,3600000,60%,9000000,31647,0,normal,29,804
1676947973,20230221,13992870026,3600000,60%,9000000,33047,0,normal,29,804
1677030215,20230222,13992870026,3600000,60%,9000000,33047,0,normal,29,804
1677037257,20230222,13992870026,3600000,60%,9000000,32907,0,normal,29,804
1677116479,20230223,13992870026,3600000,60%,9000000,32907,0,normal,29,804
1677126310,20230223,13992870026,3600000,60%,9000000,32907,0,normal,29,805
1677143983,20230223,13992870026,3600000,60%,9000000,32872,0,normal,29,805
1677202998,20230224,13992870026,3600000,60%,9000000,32872,0,normal,29,805
1677231542,20230224,13992870026,3600000,60%,9000000,32837,0,normal,29,805
1677264206,20230224,13992870026,3600000,60%,9000000,32837,0,normal,29,804
1677274728,20230224,13992870026,3600000,60%,9000000,32837,0,normal,29,803
1677289475,20230225,13992870026,3600000,60%,9000000,32837,0,normal,29,803
1677307315,20230225,13992870026,3600000,60%,9000000,33187,0,normal,29,803
1677380369,20230226,13992870026,3600000,60%,9000000,33187,0,normal,29,803
1677462341,20230227,13992870026,3600000,60%,9000000,33186,0,normal,29,803
1677548722,20230228,13992870026,3600000,60%,9000000,33187,0,normal,29,803
1677635686,20230301,13992870026,3600000,60%,9000000,33187,0,normal,29,803
1677652027,20230301,13992870026,3600000,60%,9000000,33537,0,normal,29,803
1677705503,20230301,13992870026,3600000,60%,9000000,33537,0,normal,29,804
1677721890,20230302,13992870026,3600000,60%,9000000,33537,0,normal,29,803
1677752525,20230302,13992870026,3600000,60%,9000000,33467,0,normal,29,803
1677809759,20230303,13992870026,3600000,60%,9000000,33467,0,normal,29,802
1677835193,20230303,13992870026,3600000,60%,9000000,33397,0,normal,29,802
1677857999,20230303,13992870026,3600000,60%,9000000,33397,0,normal,29,801
1677894168,20230304,13992870026,3600000,60%,9000000,33397,0,normal,29,801
1677981475,20230305,13992870026,3600000,60%,9000000,33397,0,normal,29,801
1678067269,20230306,13992870026,3600000,60%,9000000,33397,0,normal,29,801
1678085053,20230306,13992870026,3600000,60%,9000000,33327,0,normal,29,801
1678153973,20230307,13992870026,3600000,60%,9000000,33327,0,normal,29,801
1678225093,20230307,13992870026,3600000,60%,9000000,33327,0,normal,29,802
1678240185,20230308,13992870026,3600000,60%,9000000,33327,0,normal,29,802
1678401615,20230309,13992870026,3600000,60%,9000000,33467,0,normal,29,802
1678413024,20230310,13992870026,3600000,60%,9000000,33467,0,normal,29,802
1678490346,20230310,13992870026,3600000,60%,9000000,33397,0,normal,29,802
1678659440,20230312,13992870026,3600000,60%,9000000,33257,0,normal,29,803
1678786849,20230314,13992870026,3600000,60%,9000000,33362,0,normal,29,803
1678889891,20230315,13992870026,3600000,60%,9000000,33327,0,normal,29,802
1679491381,20230322,13992870026,3600000,60%,9000000,33814,0,normal,29,802
1679566817,20230323,13992870026,3600000,60%,9000000,33779,0,normal,29,804
1679661214,20230324,13992870026,3600000,60%,9000000,33744,0,normal,29,807
1679668690,20230324,13992870026,3600000,60%,9000000,33744,0,normal,29,808
1679682184,20230324,13992870026,3600000,60%,9000000,33744,0,normal,29,807
1679686717,20230324,13992870026,3600000,60%,9000000,33744,0,normal,29,808
1679751479,20230325,13992870026,3600000,60%,9000000,34094,0,normal,29,808
1679768451,20230325,13992870026,3600000,60%,9000000,34093,0,normal,29,808
1679794814,20230326,13992870026,3600000,60%,9000000,34093,0,normal,29,808
1679852284,20230326,13992870026,3600000,60%,9000000,34093,0,normal,29,809
